// Vitest Snapshot v1, https://vitest.dev/guide/snapshot.html

exports[`addSvgRoot > landscape 1`] = `"<svg id="clock" viewBox="-500 -500 1000 1000" preserveAspectRatio="xMidYMid meet"></svg>"`;

exports[`addSvgRoot > large square 1`] = `"<svg id="clock" viewBox="-500 -500 1000 1000" preserveAspectRatio="xMidYMid meet"></svg>"`;

exports[`addSvgRoot > portrait 1`] = `"<svg id="clock" viewBox="-500 -500 1000 1000" preserveAspectRatio="xMidYMid meet"></svg>"`;

exports[`addSvgRoot > small square 1`] = `"<svg id="clock" viewBox="-500 -500 1000 1000" preserveAspectRatio="xMidYMid meet"></svg>"`;
